{
  "kind": 19,
  "start": -1,
  "end": -1,
  "children": [
    {
      "kind": 25,
      "start": 0,
      "end": 18,
      "children": [
        {
          "kind": 49,
          "start": 0,
          "end": 18,
          "children": [
            {
              "kind": 99,
              "start": 8,
              "end": 18,
              "text": "\"hello.as\"",
              "children": []
            }
          ]
        }
      ]
    }
  ]
}