{
  "kind": 19,
  "start": -1,
  "end": -1,
  "children": [
    {
      "kind": 25,
      "start": 0,
      "end": 24,
      "children": [
        {
          "kind": 90,
          "start": 0,
          "end": 24,
          "text": "helloworld",
          "children": []
        }
      ]
    }
  ]
}